Locking paddles.
Dropping ball.
Unlocking paddles. Whirrrrrr
Ding ding ding ding ding
DingDingScore: 2
A new high score!
TILT!
Coin at a bad time. Dropping it.
Locking paddles.
