Dropping ball.
Ding ding ding ding ding
Coin at a bad time. Dropping it.
Locking flippers.
Flippers away!
fLipDingfLipDingfLipDingfLipDingflipR
Awwwwwww
Score: 4
A new high score!
Dropping ball.
Ding ding ding ding ding
DingDingTILT!
Coin at a bad time. Dropping it.
Locking flippers.
Flippers away!
Locking flippers.
